[backblue.gif]
[fade.gif]
[index.html]
[file/C_/Users/Melvin Michael/Pictures/Vikram Nantha/Interpol issues Blue Corner notice against fugitive godman Nithyananda _ India News _ Zee News_files/publishertag.prebid.js.download]
[file/C_/Users/Melvin Michael/Pictures/Vikram Nantha/Interpol issues Blue Corner notice against fugitive godman Nithyananda _ India News _ Zee News_files/amp4ads-host-v0.js.download]
[file/C_/Users/Melvin Michael/Pictures/Vikram Nantha/Interpol issues Blue Corner notice against fugitive godman Nithyananda _ India News _ Zee News_files/osd.js.download]
[file/C_/Users/Melvin Michael/Pictures/Vikram Nantha/Interpol issues Blue Corner notice against fugitive godman Nithyananda _ India News _ Zee News_files/feed-card-placeholder.20200507-29-RELEASE.es6.js.download]
[file/C_/Users/Melvin Michael/Pictures/Vikram Nantha/Interpol issues Blue Corner notice against fugitive godman Nithyananda _ India News _ Zee News_files/userx.20200507-29-RELEASE.es6.js.download]
[static.criteo.net/images/pixelf60c.gif]
[static.criteo.net/images/pixel8a10.gif]
[cdn.taboola.com/libtrc/zeemedia-zeenews-english/loader.js]
[file/C_/Users/Melvin Michael/Pictures/Vikram Nantha/Interpol issues Blue Corner notice against fugitive godman Nithyananda _ India News _ Zee News_files/beacon.js.download]
[file/C_/Users/Melvin Michael/Pictures/Vikram Nantha/Interpol issues Blue Corner notice against fugitive godman Nithyananda _ India News _ Zee News_files/sdk.js.download]
[file/C_/Users/Melvin Michael/Pictures/Vikram Nantha/Interpol issues Blue Corner notice against fugitive godman Nithyananda _ India News _ Zee News_files/widgets.js.download]
[c2.taboola.com/nr/zeemedia-zeenews-english/newsroom.js]
[english.cdn.zeenews.com/images/logo/zeenewslogo_favico_32x32.png]
[file/C_/Users/Melvin Michael/Pictures/Vikram Nantha/Interpol issues Blue Corner notice against fugitive godman Nithyananda _ India News _ Zee News_files/sdk.js(1).download]
[english.cdn.zeenews.com/images/spacer.gif]
[delivery.adrecover.com/39319/adRecover5870.js]
[file/C_/Users/Melvin Michael/Pictures/Vikram Nantha/Interpol issues Blue Corner notice against fugitive godman Nithyananda _ India News _ Zee News_files/analytics.js.download]
[file/C_/Users/Melvin Michael/Pictures/Vikram Nantha/Interpol issues Blue Corner notice against fugitive godman Nithyananda _ India News _ Zee News_files/prebid-zee3.14.0.js.download]
[file/C_/Users/Melvin Michael/Pictures/Vikram Nantha/Interpol issues Blue Corner notice against fugitive godman Nithyananda _ India News _ Zee News_files/load.js.download]
[file/C_/Users/Melvin Michael/Pictures/Vikram Nantha/Interpol issues Blue Corner notice against fugitive godman Nithyananda _ India News _ Zee News_files/impl.20200507-29-RELEASE.js.download]
[cdn.taboola.com/libtrc/static/thumbnails/f539211219b796ffbb49949997c764f0.png]
[file/C_/Users/Melvin Michael/Pictures/Vikram Nantha/Interpol issues Blue Corner notice against fugitive godman Nithyananda _ India News _ Zee News_files/newsroom.js.download]
[cdn.taboola.com/static/91/9117a6d9-cbf1-4ea6-8caa-7461ce6554bc.gif]
[file/C_/Users/Melvin Michael/Pictures/Vikram Nantha/Interpol issues Blue Corner notice against fugitive godman Nithyananda _ India News _ Zee News_files/loader.js.download]
[file/C_/Users/Melvin Michael/Pictures/Vikram Nantha/Interpol issues Blue Corner notice against fugitive godman Nithyananda _ India News _ Zee News_files/gpt.js.download]
[file/C_/Users/Melvin Michael/Pictures/Vikram Nantha/Interpol issues Blue Corner notice against fugitive godman Nithyananda _ India News _ Zee News_files/pubads_impl_2020050602.js.download]
[file/C_/Users/Melvin Michael/Pictures/Vikram Nantha/Interpol issues Blue Corner notice against fugitive godman Nithyananda _ India News _ Zee News_files/f(7).txt]
[file/C_/Users/Melvin Michael/Pictures/Vikram Nantha/Interpol issues Blue Corner notice against fugitive godman Nithyananda _ India News _ Zee News_files/js]
[file/C_/Users/Melvin Michael/Pictures/Vikram Nantha/Interpol issues Blue Corner notice against fugitive godman Nithyananda _ India News _ Zee News_files/zee-english-nn.js.download]
[file/C_/Users/Melvin Michael/Pictures/Vikram Nantha/Interpol issues Blue Corner notice against fugitive godman Nithyananda _ India News _ Zee News_files/cc.js.download]
[file/C_/Users/Melvin Michael/Pictures/Vikram Nantha/Interpol issues Blue Corner notice against fugitive godman Nithyananda _ India News _ Zee News_files/zn_pwa_serviceworker.js.download]
[file/C_/Users/Melvin Michael/Pictures/Vikram Nantha/Interpol issues Blue Corner notice against fugitive godman Nithyananda _ India News _ Zee News_files/common.js.download]
[file/C_/Users/Melvin Michael/Pictures/Vikram Nantha/Interpol issues Blue Corner notice against fugitive godman Nithyananda _ India News _ Zee News_files/qazy.min.js.download]
[file/C_/Users/Melvin Michael/Pictures/Vikram Nantha/Interpol issues Blue Corner notice against fugitive godman Nithyananda _ India News _ Zee News_files/adRecover.js.download]
[file/C_/Users/Melvin Michael/Pictures/Vikram Nantha/Interpol issues Blue Corner notice against fugitive godman Nithyananda _ India News _ Zee News_files/prod-global-32324.js.download]
[file/C_/Users/Melvin Michael/Pictures/Vikram Nantha/Interpol issues Blue Corner notice against fugitive godman Nithyananda _ India News _ Zee News_files/prodprebidheader-324151.js.download]
[file/C_/Users/Melvin Michael/Pictures/Vikram Nantha/Interpol issues Blue Corner notice against fugitive godman Nithyananda _ India News _ Zee News_files/afph.js.download]
[file/C_/Users/Melvin Michael/Pictures/Vikram Nantha/Interpol issues Blue Corner notice against fugitive godman Nithyananda _ India News _ Zee News_files/mi-1.13.6.0.js.download]
[file/C_/Users/Melvin Michael/Pictures/Vikram Nantha/Interpol issues Blue Corner notice against fugitive godman Nithyananda _ India News _ Zee News_files/embeds.js.download]
[file/C_/Users/Melvin Michael/Pictures/Vikram Nantha/Interpol issues Blue Corner notice against fugitive godman Nithyananda _ India News _ Zee News_files/pmk-202003261.5.js.download]
[file/C_/Users/Melvin Michael/Pictures/Vikram Nantha/Interpol issues Blue Corner notice against fugitive godman Nithyananda _ India News _ Zee News_files/afphChild.js.download]
[file/C_/Users/Melvin Michael/Pictures/Vikram Nantha/Interpol issues Blue Corner notice against fugitive godman Nithyananda _ India News _ Zee News_files/eyJjb25maWciOmZhbHNlfQ==.json]
[file/C_/Users/Melvin Michael/Pictures/Vikram Nantha/Interpol issues Blue Corner notice against fugitive godman Nithyananda _ India News _ Zee News_files/UnitFeedManagerDesktop.min.js.download]
[file/C_/Users/Melvin Michael/Pictures/Vikram Nantha/Interpol issues Blue Corner notice against fugitive godman Nithyananda _ India News _ Zee News_files/cmTagFEED_MANAGER.js.download]
[file/C_/Users/Melvin Michael/Pictures/Vikram Nantha/Interpol issues Blue Corner notice against fugitive godman Nithyananda _ India News _ Zee News_files/outstreamv3.js.download]
[file/C_/Users/Melvin Michael/Pictures/Vikram Nantha/Interpol issues Blue Corner notice against fugitive godman Nithyananda _ India News _ Zee News_files/ima3.js.download]
[file/C_/Users/Melvin Michael/Pictures/Vikram Nantha/Interpol issues Blue Corner notice against fugitive godman Nithyananda _ India News _ Zee News_files/content14_10_18m.js.download]
[file/C_/Users/Melvin Michael/Pictures/Vikram Nantha/Interpol issues Blue Corner notice against fugitive godman Nithyananda _ India News _ Zee News_files/OvaMediaPlayer.js.download]
[static.xx.fbcdn.net/rsrc.php/v3/yq/r/IE9JII6Z1Ys.png]
[adgebra.co.in/afph/afph.ad41d.delayed]
[i.imgur.com/CxqrHkB.jpg]
[file/C_/Users/Melvin Michael/Pictures/Vikram Nantha/Interpol issues Blue Corner notice against fugitive godman Nithyananda _ India News _ Zee News_files/spacer.gif]
[english.cdn.zeenews.com/images/mobilereporter.png]
[english.cdn.zeenews.com/desktop/images/zee-sub.png]
[english.cdn.zeenews.com/desktop/images/taas-sub.png]
[english.cdn.zeenews.com/desktop/images/bangla-sub.png]
[english.cdn.zeenews.com/desktop/images/guj-sub.png]
[i.imgur.com/PnkItaH.jpg]
[english.cdn.zeenews.com/sites/default/files/styles/zm_98x58/public/default_images/zn-nopic_2.jpg]
[i.imgur.com/3JrAzod.jpg]
[i.imgur.com/qiAPT4W.jpg]
[i.imgur.com/clkYpN7.png]
[i.imgur.com/4GaJFG1.png]
[english.cdn.zeenews.com/desktop/corona/images/corometerhdrbg_new.gif]
[english.cdn.zeenews.com/desktop/corona/images/selecticon_new.png]
[rtbpass-us.andbeyond.media/religare-300X250.jpg]
[english.cdn.zeenews.com/images/logo/zeenewslogo_footer.png]
[adgebra.co.in/afpf/afpf.1bd41d.delayed]
[connect.facebook.net/en_US/sdk.js]
[file/C_/Users/Melvin Michael/Pictures/Vikram Nantha/Interpol issues Blue Corner notice against fugitive godman Nithyananda _ India News _ Zee News_files/afpf.js.download]
[file/C_/Users/Melvin Michael/Pictures/Vikram Nantha/Interpol issues Blue Corner notice against fugitive godman Nithyananda _ India News _ Zee News_files/platform.js.download]
[platform.twitter.com/widgets.js]
[file/C_/Users/Melvin Michael/Pictures/Vikram Nantha/Interpol issues Blue Corner notice against fugitive godman Nithyananda _ India News _ Zee News_files/anvload.js.download]
[file/C_/Users/Melvin Michael/Pictures/Vikram Nantha/Interpol issues Blue Corner notice against fugitive godman Nithyananda _ India News _ Zee News_files/jquery.autopager-1.0.0.js.download]
[file/C_/Users/Melvin Michael/Pictures/Vikram Nantha/Interpol issues Blue Corner notice against fugitive godman Nithyananda _ India News _ Zee News_files/stick-n.js.download]
[www.instagram.com/static/bundles/metro/EmbedSDK.js/5dbd6b0d15ed.js]
[connect.facebook.net/en_GB/sdk.js]
[file/C_/Users/Melvin Michael/Pictures/Vikram Nantha/Interpol issues Blue Corner notice against fugitive godman Nithyananda _ India News _ Zee News_files/MIN-80910.js.download]
[file/C_/Users/Melvin Michael/Pictures/Vikram Nantha/Interpol issues Blue Corner notice against fugitive godman Nithyananda _ India News _ Zee News_files/45e029859d5f2f6e53c4fca59d8ecc26e4bdced9.js.download]
[file/C_/Users/Melvin Michael/Pictures/Vikram Nantha/Interpol issues Blue Corner notice against fugitive godman Nithyananda _ India News _ Zee News_files/izooto.js.download]
[file/C_/Users/Melvin Michael/Pictures/Vikram Nantha/Interpol issues Blue Corner notice against fugitive godman Nithyananda _ India News _ Zee News_files/zeenews.min.js.download]
[english.cdn.zeenews.com/images/shadow-cktcard.png]
[file/C_/Users/Melvin Michael/Pictures/Vikram Nantha/Interpol issues Blue Corner notice against fugitive godman Nithyananda _ India News _ Zee News_files.html]
[file/C_/Users/Melvin Michael/Pictures/Vikram Nantha/Interpol issues Blue Corner notice against fugitive godman Nithyananda _ India News _ Zee News_files/dev4.zeenews.com_app_min.css]
[file/C_/Users/Melvin Michael/Pictures/Vikram Nantha/Interpol issues Blue Corner notice against fugitive godman Nithyananda _ India News _ Zee News_files/jquery-ui.min.js.download]
[file/C_/Users/Melvin Michael/Pictures/Vikram Nantha/Interpol issues Blue Corner notice against fugitive godman Nithyananda _ India News _ Zee News_files/jquery.ui.touch-punch.min.js.download]
[file/C_/Users/Melvin Michael/Pictures/Vikram Nantha/Interpol issues Blue Corner notice against fugitive godman Nithyananda _ India News _ Zee News_files/highlight.pack.js.download]
[static.criteo.net/js/ld/publishertag.js]
[pagead2.googlesyndication.com/pagead/js/f.txt]
[delivery.adrecover.com/block5615.jpg]
[delivery.adrecover.com/allow5615.jpg]
[ajax.googleapis.com/ajax/libs/jquery/1.11.2/jquery.min.js]
[delivery.adrecover.com/39319/adRecover5870.js]
[file/C_/Users/Melvin Michael/Pictures/Vikram Nantha/Interpol issues Blue Corner notice against fugitive godman Nithyananda _ India News _ Zee News_files/saved_resource(3).html]
[file/C_/Users/Melvin Michael/Pictures/Vikram Nantha/Interpol issues Blue Corner notice against fugitive godman Nithyananda _ India News _ Zee News_files/cmOsUnit.css]
[file/C_/Users/Melvin Michael/Pictures/Vikram Nantha/Interpol issues Blue Corner notice against fugitive godman Nithyananda _ India News _ Zee News_files/outstreamv3.css]
[adgebra.co.in/afph/afphd41d.html]
[adgebra.co.in/afpf/afpfd41d.html]
[connect.facebook.net/en_US/sdk.js]
[connect.facebook.net/en_GB/sdk.js]
[file/C_/Users/Melvin Michael/Pictures/Vikram Nantha/Trident/index.html]
[file/C_/Users/Melvin Michael/Pictures/Vikram Nantha/edg/index.html]
[file/C_/Users/Melvin Michael/Pictures/Vikram Nantha/edge/index.html]
[file/misc/throbber.gif]
[file/misc/grippie.png]
[file/misc/draggable.png]
[file/misc/tree.png]
[file/misc/tree-bottom.png]
[file/misc/menu-expanded.png]
[file/misc/menu-collapsed.png]
[file/misc/menu-leaf.png]
[file/misc/message-24-ok.png]
[file/misc/message-24-warning.png]
[file/misc/message-24-error.png]
[file/misc/help.png]
[file/misc/progress.gif]
[file/sites/all/modules/ctools/images/status-active.gif]
[file/C_/Users/Melvin Michael/Pictures/Vikram Nantha/utils.js]
[file/C_/Users/Melvin Michael/Pictures/Vikram Nantha/nodeWatcher.js]
[file/C_/Users/Melvin Michael/Pictures/Vikram Nantha/adCodeGenerator.js]
[file/C_/Users/Melvin Michael/Pictures/Vikram Nantha/editor.js]
[file/C_/Users/Melvin Michael/Pictures/Vikram Nantha/ensureCompliance.js]
[file/C_/Users/Melvin Michael/Pictures/Vikram Nantha/OPR/index.html]
[file/C_/Users/Melvin Michael/Pictures/Vikram Nantha/CriOS/index.html]
[file/C_/Users/Melvin Michael/Pictures/Vikram Nantha/browserConfig.js]
[file/C_/Users/Melvin Michael/Pictures/Vikram Nantha/config/config.js]
[file/C_/Users/Melvin Michael/Pictures/Vikram Nantha/libs/custom/ap.js]
[file/C_/Users/Melvin Michael/Pictures/Vikram Nantha/libs/custom/utils.js]
